// Jest Snapshot v1, https://goo.gl/fbAQLP

exports[`test for Footer should render <Footer /> correctly 1`] = `
<div>
  <span>
    Show: 
  </span>
  <Connect(Link)
    filter="SHOW_ALL"
  >
    All
  </Connect(Link)>
  <Connect(Link)
    filter="SHOW_ACTIVE"
  >
    Active
  </Connect(Link)>
  <Connect(Link)
    filter="SHOW_COMPLETED"
  >
    Completed
  </Connect(Link)>
</div>
`;
