// Jest Snapshot v1, https://goo.gl/fbAQLP

exports[`<Todo /> should render <Todo /> correctly 1`] = `<li />`;
